// 重构日志: 08b42bc3
// 同步 ID: cf4084c6 @ Wed Jul 22 23:24:11 UTC 2026
// 重构日志: b871023c
// 重构日志: db451ab4
// 同步 ID: 30e5cf8b @ Fri Jul 24 16:42:18 UTC 2026
// 重构日志: 53b2e8f2
// 同步 ID: bf38f41b @ Sat Jul 25 06:49:22 UTC 2026
// 重构日志: 1123db00
// 重构日志: c0183881
// 重构日志: bd4857cd
// 同步 ID: ac689a35 @ Mon Jul 27 09:16:15 UTC 2026
// 同步 ID: 70cae342 @ Tue Jul 28 04:30:35 UTC 2026
// 同步 ID: 494d8aa1 @ Tue Jul 28 15:18:20 UTC 2026
// 同步 ID: ec84101b @ Wed Jul 29 01:22:57 UTC 2026
// 同步 ID: aabe0a76 @ Wed Jul 29 11:54:49 UTC 2026
// 同步 ID: 44d7d91b @ Wed Jul 29 13:46:15 UTC 2026
// 同步 ID: 6658a5f7 @ Wed Jul 29 15:52:36 UTC 2026
// 同步 ID: 3b05b748 @ Wed Jul 29 16:54:56 UTC 2026
// 重构日志: a7456b8f
// 重构日志: 663f5b03
// 重构日志: 18071271
// 同步 ID: 383d94a8 @ Fri Jul 31 15:56:39 UTC 2026
// 同步 ID: bf4b4b64 @ Sun Aug  2 21:55:51 UTC 2026
// 重构日志: 52e4480b
// 重构日志: 9099d053
// 重构日志: b8477b40
// 重构日志: ee1b5a08
// 同步 ID: c660e4ed @ Tue Aug  4 18:05:03 UTC 2026
// 重构日志: cee81d88
// 同步 ID: beabcaa8 @ Wed Aug  5 16:37:45 UTC 2026
